Initialized native services in: /Users/abc/.gradle/native
Initialized jansi services in: /Users/abc/.gradle/native
Found daemon DaemonInfo{pid=2246, address=[2a1af296-d05d-4cb0-8470-90ce1e8bbb03 port:49743, addresses:[/127.0.0.1]], state=Idle, lastBusy=1775174674210, context=DefaultDaemonContext[uid=1cafed1e-040f-4ce7-b517-001641c79eb5,javaHome=/Users/abc/.antigravity/extensions/redhat.java-1.53.0-darwin-arm64/jre/21.0.10-macosx-aarch64,javaVersion=21,javaVendor=Eclipse Adoptium,daemonRegistryDir=/Users/abc/.gradle/daemon,pid=2246,idleTimeout=10800000,priority=NORMAL,applyInstrumentationAgent=true,nativeServicesMode=ENABLED,daemonOpts=-XX:MaxMetaspaceSize=384m,-XX:+HeapDumpOnOutOfMemoryError,-Xms256m,-Xmx512m,-Dfile.encoding=UTF-8,-Duser.country=KR,-Duser.language=ko,-Duser.variant]} however its context does not match the desired criteria.
JVM is incompatible.
Wanted: DaemonRequestContext{jvmCriteria=/Library/Java/JavaVirtualMachines/jdk-21.jdk/Contents/Home (no JDK specified, using current Java home), daemonOpts=[-XX:MaxMetaspaceSize=384m, -XX:+HeapDumpOnOutOfMemoryError, -Xms256m, -Xmx512m, -Dfile.encoding=UTF-8, -Duser.country=KR, -Duser.language=ko, -Duser.variant], applyInstrumentationAgent=true, nativeServicesMode=ENABLED, priority=NORMAL}
Actual: DefaultDaemonContext[uid=1cafed1e-040f-4ce7-b517-001641c79eb5,javaHome=/Users/abc/.antigravity/extensions/redhat.java-1.53.0-darwin-arm64/jre/21.0.10-macosx-aarch64,javaVersion=21,javaVendor=Eclipse Adoptium,daemonRegistryDir=/Users/abc/.gradle/daemon,pid=2246,idleTimeout=10800000,priority=NORMAL,applyInstrumentationAgent=true,nativeServicesMode=ENABLED,daemonOpts=-XX:MaxMetaspaceSize=384m,-XX:+HeapDumpOnOutOfMemoryError,-Xms256m,-Xmx512m,-Dfile.encoding=UTF-8,-Duser.country=KR,-Duser.language=ko,-Duser.variant]

  Looking for a different daemon...
The client will now receive all logging from the daemon (pid: 16204). The daemon log file: /Users/abc/.gradle/daemon/8.13/daemon-16204.out.log
Starting 8th build in daemon [uptime: 2 mins 16.189 secs, performance: 100%, GC rate: 0.00/s, heap usage: 2% of 512 MiB, non-heap usage: 20% of 384 MiB]
Using 8 worker leases.
Now considering [/Users/abc/projects/GymCRM_V2/backend] as hierarchies to watch
Watching the file system is configured to be enabled if available
File system watching is active
Starting Build
Settings evaluated using settings file '/Users/abc/projects/GymCRM_V2/backend/settings.gradle'.
Projects loaded. Root project using build file '/Users/abc/projects/GymCRM_V2/backend/build.gradle'.
Included projects: [root project 'gymcrm-backend']

> Configure project :
Evaluating root project 'gymcrm-backend' using build file '/Users/abc/projects/GymCRM_V2/backend/build.gradle'.
Resolved plugin [id: 'java']
Resolved plugin [id: 'org.springframework.boot', version: '3.4.2']
Resolved plugin [id: 'io.spring.dependency-management', version: '1.1.7']
Applying dependency management to configuration 'annotationProcessor' in project 'gymcrm-backend'
Applying dependency management to configuration 'apiElements' in project 'gymcrm-backend'
Applying dependency management to configuration 'archives' in project 'gymcrm-backend'
Applying dependency management to configuration 'bootArchives' in project 'gymcrm-backend'
Applying dependency management to configuration 'compileClasspath' in project 'gymcrm-backend'
Applying dependency management to configuration 'compileOnly' in project 'gymcrm-backend'
Applying dependency management to configuration 'default' in project 'gymcrm-backend'
Applying dependency management to configuration 'developmentOnly' in project 'gymcrm-backend'
Applying dependency management to configuration 'implementation' in project 'gymcrm-backend'
Applying dependency management to configuration 'mainSourceElements' in project 'gymcrm-backend'
Applying dependency management to configuration 'productionRuntimeClasspath' in project 'gymcrm-backend'
Applying dependency management to configuration 'runtimeClasspath' in project 'gymcrm-backend'
Applying dependency management to configuration 'runtimeElements' in project 'gymcrm-backend'
Applying dependency management to configuration 'runtimeOnly' in project 'gymcrm-backend'
Applying dependency management to configuration 'testAndDevelopmentOnly' in project 'gymcrm-backend'
Applying dependency management to configuration 'testAnnotationProcessor' in project 'gymcrm-backend'
Applying dependency management to configuration 'testCompileClasspath' in project 'gymcrm-backend'
Applying dependency management to configuration 'testCompileOnly' in project 'gymcrm-backend'
Applying dependency management to configuration 'testImplementation' in project 'gymcrm-backend'
Applying dependency management to configuration 'testResultsElementsForTest' in project 'gymcrm-backend'
Applying dependency management to configuration 'testRuntimeClasspath' in project 'gymcrm-backend'
Applying dependency management to configuration 'testRuntimeOnly' in project 'gymcrm-backend'
All projects evaluated.
Task name matched 'test'
Selected primary task 'test' from project :
Starting process 'command '/usr/libexec/java_home''. Working directory: /Users/abc/.gradle/daemon/8.13 Command: /usr/libexec/java_home -V
Successfully started process 'command '/usr/libexec/java_home''
Resolving global dependency management for project 'gymcrm-backend'
Excluding []
Excluding []
Excluding []
Excluding []
Excluding []
Excluding []
Tasks to be executed: [task ':compileJava', task ':processResources', task ':classes', task ':compileTestJava', task ':processTestResources', task ':testClasses', task ':test']
Tasks that were excluded: []
Resolve mutations for :compileJava (Thread[#954,Execution worker,5,main]) started.
:compileJava (Thread[#954,Execution worker,5,main]) started.

> Task :compileJava UP-TO-DATE
Custom actions are attached to task ':compileJava'.
Caching disabled for task ':compileJava' because:
  Build cache is disabled
Skipping task ':compileJava' as it is up-to-date.
Resolve mutations for :processResources (Thread[#954,Execution worker,5,main]) started.
:processResources (Thread[#954,Execution worker,5,main]) started.

> Task :processResources UP-TO-DATE
Caching disabled for task ':processResources' because:
  Build cache is disabled
  Not worth caching
Skipping task ':processResources' as it is up-to-date.
Resolve mutations for :classes (Thread[#954,Execution worker,5,main]) started.
:classes (Thread[#954,Execution worker,5,main]) started.

> Task :classes UP-TO-DATE
Skipping task ':classes' as it has no actions.
Resolve mutations for :compileTestJava (Thread[#954,Execution worker,5,main]) started.
:compileTestJava (Thread[#954,Execution worker,5,main]) started.

> Task :compileTestJava UP-TO-DATE
Custom actions are attached to task ':compileTestJava'.
Caching disabled for task ':compileTestJava' because:
  Build cache is disabled
Skipping task ':compileTestJava' as it is up-to-date.
Resolve mutations for :processTestResources (Thread[#954,Execution worker,5,main]) started.
:processTestResources (Thread[#954,Execution worker,5,main]) started.

> Task :processTestResources NO-SOURCE
Skipping task ':processTestResources' as it has no source files and no previous output files.
Resolve mutations for :testClasses (Thread[#954,Execution worker,5,main]) started.
:testClasses (Thread[#954,Execution worker,5,main]) started.

> Task :testClasses UP-TO-DATE
Skipping task ':testClasses' as it has no actions.
Resolve mutations for :test (Thread[#954,Execution worker,5,main]) started.
:test (Thread[#954,Execution worker,5,main]) started.
Gradle Test Executor 7 started executing tests.

> Task :test
Caching disabled for task ':test' because:
  Build cache is disabled
Task ':test' is not up-to-date because:
  Task has failed previously.
Starting process 'Gradle Test Executor 7'. Working directory: /Users/abc/projects/GymCRM_V2/backend Command: /Library/Java/JavaVirtualMachines/jdk-21.jdk/Contents/Home/bin/java -Dorg.gradle.internal.worker.tmpdir=/Users/abc/projects/GymCRM_V2/backend/build/tmp/test/work -Dspring.datasource.hikari.maximum-pool-size=2 -Dspring.datasource.hikari.minimum-idle=0 @/Users/abc/.gradle/.tmp/gradle-worker-classpath301605024486411234txt -Xmx512m -Dfile.encoding=UTF-8 -Duser.country=KR -Duser.language=ko -Duser.variant -ea worker.org.gradle.process.internal.worker.GradleWorkerMain 'Gradle Test Executor 7'
Successfully started process 'Gradle Test Executor 7'

MembershipHoldServiceIntegrationTest STANDARD_OUT
    09:33:54.262 [Test worker] INFO org.springframework.test.context.support.AnnotationConfigContextLoaderUtils -- Could not detect default configuration classes for test class [com.gymcrm.membership.MembershipHoldServiceIntegrationTest]: MembershipHoldServiceIntegrationTest does not declare any static, non-private, non-final, nested classes annotated with @Configuration.
    09:33:54.340 [Test worker] INFO org.springframework.boot.test.context.SpringBootTestContextBootstrapper -- Found @SpringBootConfiguration com.gymcrm.GymCrmApplication for test class com.gymcrm.membership.MembershipHoldServiceIntegrationTest

      .   ____          _            __ _ _
     /\\ / ___'_ __ _ _(_)_ __  __ _ \ \ \ \
    ( ( )\___ | '_ | '_| | '_ \/ _` | \ \ \ \
     \\/  ___)| |_)| | | | | || (_| |  ) ) ) )
      '  |____| .__|_| |_|_| |_\__, | / / / /
     =========|_|==============|___/=/_/_/_/

     :: Spring Boot ::                (v3.4.2)

    2026-04-03T09:33:54.538+09:00  INFO [traceId:none] 17989 --- [gymcrm-backend] [    Test worker] g.m.MembershipHoldServiceIntegrationTest : Starting MembershipHoldServiceIntegrationTest using Java 21.0.10 with PID 17989 (started by abc in /Users/abc/projects/GymCRM_V2/backend)
    2026-04-03T09:33:54.539+09:00  INFO [traceId:none] 17989 --- [gymcrm-backend] [    Test worker] g.m.MembershipHoldServiceIntegrationTest : The following 1 profile is active: "dev"
    2026-04-03T09:33:55.247+09:00  INFO [traceId:none] 17989 --- [gymcrm-backend] [    Test worker] .s.d.r.c.RepositoryConfigurationDelegate : Multiple Spring Data modules found, entering strict repository configuration mode
    2026-04-03T09:33:55.248+09:00  INFO [traceId:none] 17989 --- [gymcrm-backend] [    Test worker] .s.d.r.c.RepositoryConfigurationDelegate : Bootstrapping Spring Data JPA repositories in DEFAULT mode.
    2026-04-03T09:33:55.393+09:00  INFO [traceId:none] 17989 --- [gymcrm-backend] [    Test worker] .s.d.r.c.RepositoryConfigurationDelegate : Finished Spring Data repository scanning in 140 ms. Found 16 JPA repository interfaces.
    2026-04-03T09:33:55.818+09:00  INFO [traceId:none] 17989 --- [gymcrm-backend] [    Test worker] com.zaxxer.hikari.HikariDataSource       : HikariPool-1 - Starting...
    2026-04-03T09:33:55.926+09:00  INFO [traceId:none] 17989 --- [gymcrm-backend] [    Test worker] com.zaxxer.hikari.HikariDataSource       : HikariPool-1 - Start completed.
    2026-04-03T09:33:55.980+09:00  INFO [traceId:none] 17989 --- [gymcrm-backend] [    Test worker] org.flywaydb.core.FlywayExecutor         : Database: jdbc:postgresql://localhost:5433/gymcrm_dev (PostgreSQL 16.12)
    2026-04-03T09:33:56.024+09:00  INFO [traceId:none] 17989 --- [gymcrm-backend] [    Test worker] o.f.core.internal.command.DbValidate     : Successfully validated 30 migrations (execution time 00:00.027s)
    2026-04-03T09:33:56.051+09:00  INFO [traceId:none] 17989 --- [gymcrm-backend] [    Test worker] o.f.core.internal.command.DbMigrate      : Current version of schema "public": 30
    2026-04-03T09:33:56.053+09:00  INFO [traceId:none] 17989 --- [gymcrm-backend] [    Test worker] o.f.core.internal.command.DbMigrate      : Schema "public" is up to date. No migration necessary.
    2026-04-03T09:33:56.127+09:00  INFO [traceId:none] 17989 --- [gymcrm-backend] [    Test worker] o.hibernate.jpa.internal.util.LogHelper  : HHH000204: Processing PersistenceUnitInfo [name: default]
    2026-04-03T09:33:56.157+09:00  INFO [traceId:none] 17989 --- [gymcrm-backend] [    Test worker] org.hibernate.Version                    : HHH000412: Hibernate ORM core version 6.6.5.Final
    2026-04-03T09:33:56.173+09:00  INFO [traceId:none] 17989 --- [gymcrm-backend] [    Test worker] o.h.c.internal.RegionFactoryInitiator    : HHH000026: Second-level cache disabled
    2026-04-03T09:33:56.294+09:00  INFO [traceId:none] 17989 --- [gymcrm-backend] [    Test worker] o.s.o.j.p.SpringPersistenceUnitInfo      : No LoadTimeWeaver setup: ignoring JPA class transformer
    2026-04-03T09:33:56.337+09:00  INFO [traceId:none] 17989 --- [gymcrm-backend] [    Test worker] org.hibernate.orm.connections.pooling    : HHH10001005: Database info:
    	Database JDBC URL [Connecting through datasource 'HikariDataSource (HikariPool-1)']
    	Database driver: undefined/unknown
    	Database version: 16.12
    	Autocommit mode: undefined/unknown
    	Isolation level: undefined/unknown
    	Minimum pool size: undefined/unknown
    	Maximum pool size: undefined/unknown
    2026-04-03T09:33:56.960+09:00  INFO [traceId:none] 17989 --- [gymcrm-backend] [    Test worker] o.h.e.t.j.p.i.JtaPlatformInitiator       : HHH000489: No JTA platform available (set 'hibernate.transaction.jta.platform' to enable JTA platform integration)
    2026-04-03T09:33:57.001+09:00  INFO [traceId:none] 17989 --- [gymcrm-backend] [    Test worker] j.LocalContainerEntityManagerFactoryBean : Initialized JPA EntityManagerFactory for persistence unit 'default'

MembershipHoldServiceIntegrationTest STANDARD_ERROR
    Mockito is currently self-attaching to enable the inline-mock-maker. This will no longer work in future releases of the JDK. Please add Mockito as an agent to your build what is described in Mockito's documentation: https://javadoc.io/doc/org.mockito/mockito-core/latest/org/mockito/Mockito.html#0.3
    WARNING: A Java agent has been loaded dynamically (/Users/abc/.gradle/caches/modules-2/files-2.1/net.bytebuddy/byte-buddy-agent/1.15.11/a38b16385e867f59a641330f0362ebe742788ed8/byte-buddy-agent-1.15.11.jar)
    WARNING: If a serviceability tool is in use, please run with -XX:+EnableDynamicAgentLoading to hide this warning
    WARNING: If a serviceability tool is not in use, please run with -Djdk.instrument.traceUsage for more information
    WARNING: Dynamic loading of agents will be disallowed by default in a future release

Java HotSpot(TM) 64-Bit Server VM warning: Sharing is only supported for boot loader classes because bootstrap classpath has been appended

> Task :test

MembershipHoldServiceIntegrationTest STANDARD_OUT
    2026-04-03T09:33:58.684+09:00  WARN [traceId:none] 17989 --- [gymcrm-backend] [    Test worker] .s.s.UserDetailsServiceAutoConfiguration : 

    Using generated security password: e3ba72a2-69d9-4671-99fa-dc22929b5bbd

    This generated password is for development use only. Your security configuration must be updated before running your application in production.

    2026-04-03T09:33:58.689+09:00  INFO [traceId:none] 17989 --- [gymcrm-backend] [    Test worker] r$InitializeUserDetailsManagerConfigurer : Global AuthenticationManager configured with UserDetailsService bean with name inMemoryUserDetailsManager
    2026-04-03T09:33:59.466+09:00  WARN [traceId:none] 17989 --- [gymcrm-backend] [    Test worker] i.n.r.d.DnsServerAddressStreamProviders  : Can not find io.netty.resolver.dns.macos.MacOSDnsServerAddressStreamProvider in the classpath, fallback to system defaults. This may result in incorrect DNS resolutions on MacOS. Check whether you have a dependency on 'io.netty:netty-resolver-dns-native-macos'
    2026-04-03T09:33:59.975+09:00  INFO [traceId:none] 17989 --- [gymcrm-backend] [    Test worker] o.s.b.a.e.web.EndpointLinksResolver      : Exposing 3 endpoints beneath base path '/actuator'
    2026-04-03T09:34:00.129+09:00  INFO [traceId:none] 17989 --- [gymcrm-backend] [    Test worker] g.m.MembershipHoldServiceIntegrationTest : Started MembershipHoldServiceIntegrationTest in 5.73 seconds (process running for 6.318)

MembershipHoldServiceIntegrationTest > holdThenResumeChangesStatusAndExtendsEndDate() FAILED
    com.gymcrm.common.error.ApiException: eventType is invalid
        at app//com.gymcrm.audit.AuditLogService.normalizeEventType(AuditLogService.java:107)
        at app//com.gymcrm.audit.AuditLogService.recordEvent(AuditLogService.java:37)
        at java.base@21.0.10/jdk.internal.reflect.DirectMethodHandleAccessor.invoke(DirectMethodHandleAccessor.java:103)
        at java.base@21.0.10/java.lang.reflect.Method.invoke(Method.java:580)
        at app//org.springframework.aop.support.AopUtils.invokeJoinpointUsingReflection(AopUtils.java:359)
        at app//org.springframework.aop.framework.ReflectiveMethodInvocation.invokeJoinpoint(ReflectiveMethodInvocation.java:196)
        at app//org.springframework.aop.framework.ReflectiveMethodInvocation.proceed(ReflectiveMethodInvocation.java:163)
        at app//org.springframework.transaction.interceptor.TransactionAspectSupport.invokeWithinTransaction(TransactionAspectSupport.java:380)
        at app//org.springframework.transaction.interceptor.TransactionInterceptor.invoke(TransactionInterceptor.java:119)
        at app//org.springframework.aop.framework.ReflectiveMethodInvocation.proceed(ReflectiveMethodInvocation.java:184)
        at app//org.springframework.aop.framework.CglibAopProxy$DynamicAdvisedInterceptor.intercept(CglibAopProxy.java:727)
        at app//com.gymcrm.audit.AuditLogService$$SpringCGLIB$$0.recordEvent(<generated>)
        at app//com.gymcrm.membership.service.MembershipHoldService.hold(MembershipHoldService.java:94)
        at java.base@21.0.10/jdk.internal.reflect.DirectMethodHandleAccessor.invoke(DirectMethodHandleAccessor.java:103)
        at java.base@21.0.10/java.lang.reflect.Method.invoke(Method.java:580)
        at app//org.springframework.aop.support.AopUtils.invokeJoinpointUsingReflection(AopUtils.java:359)
        at app//org.springframework.aop.framework.ReflectiveMethodInvocation.invokeJoinpoint(ReflectiveMethodInvocation.java:196)
        at app//org.springframework.aop.framework.ReflectiveMethodInvocation.proceed(ReflectiveMethodInvocation.java:163)
        at app//org.springframework.transaction.interceptor.TransactionAspectSupport.invokeWithinTransaction(TransactionAspectSupport.java:380)
        at app//org.springframework.transaction.interceptor.TransactionInterceptor.invoke(TransactionInterceptor.java:119)
        at app//org.springframework.aop.framework.ReflectiveMethodInvocation.proceed(ReflectiveMethodInvocation.java:184)
        at app//org.springframework.aop.framework.CglibAopProxy$DynamicAdvisedInterceptor.intercept(CglibAopProxy.java:727)
        at app//com.gymcrm.membership.service.MembershipHoldService$$SpringCGLIB$$0.hold(<generated>)
        at app//com.gymcrm.membership.MembershipHoldServiceIntegrationTest.holdThenResumeChangesStatusAndExtendsEndDate(MembershipHoldServiceIntegrationTest.java:90)

Gradle Test Executor 7 finished executing tests.
2026-04-03T09:34:00.820+09:00  INFO [traceId:none] 17989 --- [gymcrm-backend] [ionShutdownHook] j.LocalContainerEntityManagerFactoryBean : Closing JPA EntityManagerFactory for persistence unit 'default'
2026-04-03T09:34:00.821+09:00  INFO [traceId:none] 17989 --- [gymcrm-backend] [ionShutdownHook] com.zaxxer.hikari.HikariDataSource       : HikariPool-1 - Shutdown initiated...
2026-04-03T09:34:00.822+09:00  INFO [traceId:none] 17989 --- [gymcrm-backend] [ionShutdownHook] com.zaxxer.hikari.HikariDataSource       : HikariPool-1 - Shutdown completed.

> Task :test FAILED

3 tests completed, 1 failed
Finished generating test XML results (0.0 secs) into: /Users/abc/projects/GymCRM_V2/backend/build/test-results/test
Generating HTML test report...
Finished generating test html results (0.001 secs) into: /Users/abc/projects/GymCRM_V2/backend/build/reports/tests/test

FAILURE: Build failed with an exception.

* What went wrong:
Execution failed for task ':test'.
> There were failing tests. See the report at: file:///Users/abc/projects/GymCRM_V2/backend/build/reports/tests/test/index.html

* Try:
> Run with --scan to get full insights.

BUILD FAILED in 7s
4 actionable tasks: 1 executed, 3 up-to-date
Watched directory hierarchies: [/Users/abc/projects/GymCRM_V2/backend]
